../Core/Src/main.c:68:6:LoRa_Select	8	static
../Core/Src/main.c:71:6:LoRa_Unselect	8	static
../Core/Src/main.c:76:6:LoRa_Reset	8	static
../Core/Src/main.c:84:9:LoRa_SPI_ReadWrite	32	static
../Core/Src/main.c:91:6:LoRa_WriteRegister	16	static
../Core/Src/main.c:99:9:LoRa_ReadRegister	24	static
../Core/Src/main.c:108:6:LoRa_Init	16	static
../Core/Src/main.c:149:6:LoRa_SendText	24	static
../Core/Src/main.c:189:5:LoRa_ReceiveText	32	static
../Core/Src/main.c:225:6:HAL_GPIO_EXTI_Callback	24	static
../Core/Src/main.c:253:5:main	272	static
../Core/Src/main.c:321:6:SystemClock_Config	88	static
../Core/Src/main.c:363:13:MX_SPI1_Init	8	static
../Core/Src/main.c:401:13:MX_GPIO_Init	40	static
../Core/Src/main.c:453:6:Error_Handler	4	static,ignoring_inline_asm
